PAIR_01
sim3_scale=0.167374037473
sim3_matrix=[[-0.005718096225,-0.167107715729, 0.007508870714, 0.218551370851],
 [-0.146816167681, 0.001413018261,-0.080355987374,-0.061317937997],
 [ 0.080164734784,-0.009331834933,-0.146630830911,-0.166269840011]]
a_points=20407 b_points=20348
b_to_a_mean_m=0.00389248503744 b_to_a_median_m=0.00244701247067
a_to_b_mean_m=0.00375288810138 a_to_b_median_m=0.00244167762898
symmetric_chamfer_l1_m=0.00382268656941
threshold_m=0.010 precision=0.945203459799 recall=0.957612583917 fscore=0.951367559103
threshold_m=0.025 precision=0.9868291724 recall=0.991963541922 fscore=0.989389696092
threshold_m=0.050 precision=0.997444466287 recall=0.997745871515 fscore=0.997595146135
PAIR_02
sim3_scale=0.167416534081
sim3_matrix=[[-0.005815081503,-0.167140624821, 0.007648022321, 0.21858031607 ],
 [-0.146860323671, 0.001432225195,-0.080363486398,-0.061132049997],
 [ 0.080165616333,-0.009500323642,-0.146668039097,-0.165946500404]]
a_points=20407 b_points=20355
b_to_a_mean_m=0.00413223243063 b_to_a_median_m=0.0027785668905
a_to_b_mean_m=0.00388941652445 a_to_b_median_m=0.00276052537526
symmetric_chamfer_l1_m=0.00401082447754
threshold_m=0.010 precision=0.945615327929 recall=0.957955603469 fscore=0.951745466559
threshold_m=0.025 precision=0.986686317858 recall=0.992012544715 fscore=0.989342262765
threshold_m=0.050 precision=0.997494473102 recall=0.997745871515 fscore=0.997620156471
