PAIR A1
sim3_scale=0.159407210934
sim3_matrix=[[-0.005237414404,-0.15910794638 , 0.008239525883, 0.201728545592],
 [-0.139931249234, 0.000652272253,-0.076351024395,-0.05943549588 ],
 [ 0.076173971117,-0.00974139812 ,-0.139689978827,-0.158578194097]]
a_points=21625 b_points=20390
b_to_a_mean_m=0.00395505247516 b_to_a_median_m=0.0027687171253
a_to_b_mean_m=0.00438621152905 a_to_b_median_m=0.00282511347091
symmetric_chamfer_l1_m=0.00417063200211
threshold_m=0.010 precision=0.949926434527 recall=0.941780346821 fscore=0.945835851289
threshold_m=0.025 precision=0.990534575772 recall=0.989456647399 fscore=0.989995318168
threshold_m=0.050 precision=0.997498773909 recall=0.996901734104 fscore=0.997200164642
PAIR A2
sim3_scale=0.166634841326
sim3_matrix=[[ 0.004415531377,-0.166218535189,-0.010912011085, 0.195930309356],
 [-0.150988796193, 0.000616764484,-0.070492363908,-0.061199480298],
 [ 0.070356640414, 0.011755360685,-0.15059523561 ,-0.154153227045]]
a_points=21625 b_points=20320
b_to_a_mean_m=0.00417406041252 b_to_a_median_m=0.00299752500744
a_to_b_mean_m=0.00463209300724 a_to_b_median_m=0.00305019322074
symmetric_chamfer_l1_m=0.00440307670988
threshold_m=0.010 precision=0.951033464567 recall=0.942658959538 fscore=0.946827694701
threshold_m=0.025 precision=0.990846456693 recall=0.989271676301 fscore=0.990058440288
threshold_m=0.050 precision=0.997342519685 recall=0.996670520231 fscore=0.997006406723
